C:\Users\Pierre\Desktop\Projects\JeuVideal\master\client\src\main\java\com\moveGame\CameraController.java
C:\Users\Pierre\Desktop\Projects\JeuVideal\master\client\src\main\java\com\network\PacketReader.java
C:\Users\Pierre\Desktop\Projects\JeuVideal\master\client\src\main\java\com\graphic\material\Material.java
C:\Users\Pierre\Desktop\Projects\JeuVideal\master\client\src\main\java\com\graphic\texture\Texture.java
C:\Users\Pierre\Desktop\Projects\JeuVideal\master\client\src\main\java\com\graphic\mesh\Mesh.java
C:\Users\Pierre\Desktop\Projects\JeuVideal\master\client\src\main\java\com\graphic\shaderProgram\ShaderProgram.java
C:\Users\Pierre\Desktop\Projects\JeuVideal\master\client\src\main\java\com\graphic\Window.java
C:\Users\Pierre\Desktop\Projects\JeuVideal\master\client\src\main\java\com\moveGame\MouseInput.java
C:\Users\Pierre\Desktop\Projects\JeuVideal\master\client\src\main\java\com\network\Network.java
C:\Users\Pierre\Desktop\Projects\JeuVideal\master\client\src\main\java\com\network\INetworkListener.java
C:\Users\Pierre\Desktop\Projects\JeuVideal\master\client\src\main\java\com\graphic\scene\Scene.java
C:\Users\Pierre\Desktop\Projects\JeuVideal\master\client\src\main\java\com\Main.java
C:\Users\Pierre\Desktop\Projects\JeuVideal\master\client\src\main\java\com\network\Packet.java
C:\Users\Pierre\Desktop\Projects\JeuVideal\master\client\src\main\java\com\graphic\light\SpotLight.java
C:\Users\Pierre\Desktop\Projects\JeuVideal\master\client\src\main\java\com\ClientLogic.java
C:\Users\Pierre\Desktop\Projects\JeuVideal\master\client\src\main\java\com\moveGame\MovePlayer.java
C:\Users\Pierre\Desktop\Projects\JeuVideal\master\client\src\main\java\com\cmd\Command.java
C:\Users\Pierre\Desktop\Projects\JeuVideal\master\client\src\main\java\com\graphic\heightmap\HeightMapMngr.java
C:\Users\Pierre\Desktop\Projects\JeuVideal\master\client\src\main\java\com\graphic\scene\SceneItem.java
C:\Users\Pierre\Desktop\Projects\JeuVideal\master\client\src\main\java\com\graphic\light\DirectionalLight.java
C:\Users\Pierre\Desktop\Projects\JeuVideal\master\client\src\main\java\com\graphic\renderer\MeshMaterialRenderer.java
C:\Users\Pierre\Desktop\Projects\JeuVideal\master\client\src\main\java\com\graphic\texture\TextureMngr.java
C:\Users\Pierre\Desktop\Projects\JeuVideal\master\client\src\main\java\com\graphic\material\MaterialMngr.java
C:\Users\Pierre\Desktop\Projects\JeuVideal\master\client\src\main\java\com\network\ReceivedPacket.java
C:\Users\Pierre\Desktop\Projects\JeuVideal\master\client\src\main\java\com\MyClient.java
C:\Users\Pierre\Desktop\Projects\JeuVideal\master\client\src\main\java\com\graphic\scene\Camera.java
C:\Users\Pierre\Desktop\Projects\JeuVideal\master\client\src\main\java\com\moveGame\PlayerMoved.java
C:\Users\Pierre\Desktop\Projects\JeuVideal\master\client\src\main\java\com\graphic\mesh\MeshMngr.java
C:\Users\Pierre\Desktop\Projects\JeuVideal\master\client\src\main\java\com\network\ServerInfos.java
C:\Users\Pierre\Desktop\Projects\JeuVideal\master\client\src\main\java\com\moveGame\MoveGame.java
C:\Users\Pierre\Desktop\Projects\JeuVideal\master\client\src\main\java\com\graphic\light\PointLight.java
